// Jest Snapshot v1, https://goo.gl/fbAQLP

exports[`AfriaFactory #createPool gas 1`] = `4557092`;

exports[`AfriaFactory factory bytecode size 1`] = `24535`;

exports[`AfriaFactory pool bytecode size 1`] = `22142`;
